----------------------------------------------------------------------------------------------------------------------------------------------------------------------------------------------------------
      name:  <unnamed>
       log:  C:/Users/otisr/Documents/ECX5479/Final_Assignment/output/4_figure2.log
  log type:  text
 opened on:   8 Sep 2026, 14:41:29

. use "$root/output/al_clean.dta", clear

. 
. 
. /*=========================================================================*/
. *---1. One panel per grade (Angrist, Figure II, p 543)---*
. * Keep one grade and enrollment up to 169 (see header), bin enrollment into intervals of ten,
. * collapse to one row per interval, plot, then restore the full file for the next grade
. * (code: W4 lab Q4c preserve, keep if, floor bin, collapse, restore)
. /*=========================================================================*/
. 
. tab grade if c_size > 169                           // 53 grade 5, 40 grade 4 left out of the figure, the paper pools 160 to 190 into its last point (fn 12, p 544; code: W1 lab section 8 tab if)

class grade |      Freq.     Percent        Cum.
------------+-----------------------------------
          4 |         40       43.01       43.01
          5 |         53       56.99      100.00
------------+-----------------------------------
      Total |         93      100.00

. 
. foreach g in 5 4 {                                  // panel a grade 5, panel b grade 4 (p 543; code: W1 lab section 13 foreach)
  2.     preserve                                        // (code: W4 lab Q4c)
  3.     keep if grade == `g' & c_size <= 169            // intervals up to [160,169], see header (fn 12, p 544; code: W1 lab section 8 conditions)
  4.     gen e_bin = 10 * floor(c_size / 10) + 5         // interval midpoint 5, 15, ..., 165 (fn 12, p 544; code: W4 lab Q4c floor bin)
  5.     collapse (mean) avgverb fsc (count) n=avgverb, by(e_bin)   // averages by interval and the classes in each (p 543; code: W4 lab Q4c collapse mean count)
  6.     list e_bin n avgverb fsc                        // 17 rows, 5 to 165, first interval 4 classes grade 5 and 3 grade 4, kept so the axis matches the paper's (p 543; code: W1 lab section 6 list)
  7.     twoway (connected avgverb e_bin) ///            // scores, left axis (code: W4 lab Q11 connected)
>            (connected fsc e_bin, yaxis(2) lpattern(dash)), ///   // fsc dashed on the right axis, as the paper (p 543; code: W4 lab Q11 yaxis(2), W4 lab Q4a lpattern(dash))
>         legend(label(1 "Average reading score") label(2 "Predicted class size (right axis)")) ///   // (code: W1 lab section 10)
>         title("Grade `g'") xtitle("Enrollment count") ///   // (code: W4 lab Q4a)
>         ytitle("Average reading score") ytitle("Predicted class size", axis(2)) ///   // (code: W4 lab Q11 ytitle axis(2))
>         xlabel(5(20)165)                            // midpoints 5 to 165 as the paper's axis (fn 12, p 544), the numlist form is OUR CHANGE
  8.     graph export "$root/output/figure2_grade`g'.png", replace   // (code: W1 lab section 10)
  9.     restore                                         // (code: W4 lab Q4c)
 10. }
(2,102 observations deleted)

     +-----------------------------------+
     | e_bin     n    avgverb        fsc |
     |-----------------------------------|
  1. |     5     4      63.38       8.75 |
  2. |    15    59   75.05814   15.44068 |
  3. |    25   127   72.43732   24.05512 |
  4. |    35    96   70.79319   34.60417 |
  5. |    45   218   72.95279   23.19037 |
     |-----------------------------------|
  6. |    55   233   72.70788   27.22747 |
  7. |    65   208   74.31556   32.16587 |
  8. |    75   204   74.49073   37.16422 |
  9. |    85   181   75.36967   30.33149 |
 10. |    95   174   74.89151   31.72989 |
     |-----------------------------------|
 11. |   105   118    74.5441   34.75424 |
 12. |   115   125   75.93645   38.35467 |
 13. |   125    80   75.98634   33.54063 |
 14. |   135    51   79.42306    33.4951 |
 15. |   145    32   75.61197   35.90625 |
     |-----------------------------------|
 16. |   155    43   79.46115   38.56977 |
 17. |   165    13   78.16241   37.38462 |
     +-----------------------------------+
file C:/Users/otisr/Documents/ECX5479/Final_Assignment/output/figure2_grade5.png saved as PNG format
(2,059 observations deleted)

     +-----------------------------------+
     | e_bin     n    avgverb        fsc |
     |-----------------------------------|
  1. |     5     3   77.91666   8.333333 |
  2. |    15    61   73.37656   15.98361 |
  3. |    25   128   69.89414   23.99219 |
  4. |    35    92   69.67498   33.90217 |
  5. |    45   200   70.91507    23.4825 |
     |-----------------------------------|
  6. |    55   208   71.99925   27.20433 |
  7. |    65   226   72.38199   32.28761 |
  8. |    75   220   72.05857   37.05682 |
  9. |    85   169   72.85493   30.01381 |
 10. |    95   206   73.81379   31.53074 |
     |-----------------------------------|
 11. |   105   143    73.0626   34.85081 |
 12. |   115   135   73.27699   38.47901 |
 13. |   125    72   74.03027   32.41319 |
 14. |   135    72   75.25116   33.55208 |
 15. |   145    22   71.30638   36.47727 |
     |-----------------------------------|
 16. |   155    40   74.95831     38.675 |
 17. |   165    12   69.38292   35.73333 |
     +-----------------------------------+
file C:/Users/otisr/Documents/ECX5479/Final_Assignment/output/figure2_grade4.png saved as PNG format

. 
. 
. /*=========================================================================*/
. *---Close---*
. /*=========================================================================*/
. log close                               // close log
      name:  <unnamed>
       log:  C:/Users/otisr/Documents/ECX5479/Final_Assignment/output/4_figure2.log
  log type:  text
 closed on:   8 Sep 2026, 14:41:31
----------------------------------------------------------------------------------------------------------------------------------------------------------------------------------------------------------
