----------------------------------------------------------------------------------------------------------------------------------------------------------------------------------------------------------
      name:  <unnamed>
       log:  C:/Users/otisr/Documents/ECX5479/Final_Assignment/output/5_table2.log
  log type:  text
 opened on:   8 Sep 2026, 14:41:31

. use "$root/output/al_clean.dta", clear

. 
. 
. /*=========================================================================*/
. *---1. The twelve regressions (Angrist, Table II, p 551)---*
. * One loop over grade, outcome and specification, with spec locals, so nothing is copy-pasted
. * (STATA_RULES slide 6). reg drops the one grade 5 class without a math score, so math N is
. * 2,018 (Table II, p 551; 1_clean.do section 2)
. /*=========================================================================*/
. 
. local spec1 classize                    // column (1) (p 551; code: W1 lab section 11 locals)

. local spec2 classize tipuach            // column (2) adds percent disadvantaged, PD (dictionary row 52)

. local spec3 classize tipuach c_size     // column (3) adds September enrollment (dictionary row 3)

. 
. foreach g in 5 4 {                                  // grade 5 first, as in the paper (code: W1 lab section 13 foreach)
  2.     summarize avgverb avgmath if grade == `g'       // mean score rows, 74.4 67.3 grade 5 and 72.5 68.9 grade 4 match Table I (p 539), Table II itself prints 74.3 and 69.9 (p 551)
  3.     foreach y in avgverb avgmath {                  // reading then math
  4.         forvalues s = 1/3 {                         // (code: W1 lab section 13 forvalues)
  5.             reg `y' `spec`s'' if grade == `g', vce(cluster schlcode)   // clustered by school, nested `spec`s'' is OUR CHANGE (code: W5 lab Q2 vce(cluster))
  6.             estimates store t2_g`g'_`y'_s`s'        // one name per column (code: W5 lab Q2)
  7.         }
  8.     }
  9. }

    Variable |        Obs        Mean    Std. dev.       Min        Max
-------------+---------------------------------------------------------
     avgverb |      2,019    74.38641    7.684038       34.8      93.86
     avgmath |      2,018    67.29267    9.598066      27.69      93.93

Linear regression                               Number of obs     =      2,019
                                                F(1, 1001)        =      43.45
                                                Prob > F          =     0.0000
                                                R-squared         =     0.0354
                                                Root MSE          =     7.5485

                           (Std. err. adjusted for 1,002 clusters in schlcode)
------------------------------------------------------------------------------
             |               Robust
     avgverb | Coefficient  std. err.      t    P>|t|     [95% conf. interval]
-------------+----------------------------------------------------------------
    classize |   .2210126   .0335294     6.59   0.000     .1552165    .2868087
       _cons |   67.77037   1.067733    63.47   0.000     65.67512    69.86562
------------------------------------------------------------------------------

Linear regression                               Number of obs     =      2,019
                                                F(2, 1001)        =     305.47
                                                Prob > F          =     0.0000
                                                R-squared         =     0.3671
                                                Root MSE          =     6.1163

                           (Std. err. adjusted for 1,002 clusters in schlcode)
------------------------------------------------------------------------------
             |               Robust
     avgverb | Coefficient  std. err.      t    P>|t|     [95% conf. interval]
-------------+----------------------------------------------------------------
    classize |  -.0313879    .026177    -1.20   0.231     -.082756    .0199802
     tipuach |  -.3499026   .0143569   -24.37   0.000    -.3780756   -.3217296
       _cons |   80.26034   .8593444    93.40   0.000     78.57402    81.94667
------------------------------------------------------------------------------

Linear regression                               Number of obs     =      2,019
                                                F(3, 1001)        =     203.44
                                                Prob > F          =     0.0000
                                                R-squared         =     0.3671
                                                Root MSE          =     6.1175

                           (Std. err. adjusted for 1,002 clusters in schlcode)
------------------------------------------------------------------------------
             |               Robust
     avgverb | Coefficient  std. err.      t    P>|t|     [95% conf. interval]
-------------+----------------------------------------------------------------
    classize |  -.0251977    .032903    -0.77   0.444    -.0897646    .0393691
     tipuach |  -.3507472   .0146787   -23.90   0.000    -.3795517   -.3219427
      c_size |  -.0018474   .0060341    -0.31   0.760    -.0136884    .0099936
       _cons |   80.23057     .86604    92.64   0.000     78.53111    81.93003
------------------------------------------------------------------------------

Linear regression                               Number of obs     =      2,018
                                                F(1, 1000)        =      64.20
                                                Prob > F          =     0.0000
                                                R-squared         =     0.0481
                                                Root MSE          =     9.3668

                           (Std. err. adjusted for 1,001 clusters in schlcode)
------------------------------------------------------------------------------
             |               Robust
     avgmath | Coefficient  std. err.      t    P>|t|     [95% conf. interval]
-------------+----------------------------------------------------------------
    classize |   .3217141   .0401504     8.01   0.000     .2429255    .4005028
       _cons |   57.66021   1.247056    46.24   0.000     55.21307    60.10736
------------------------------------------------------------------------------

Linear regression                               Number of obs     =      2,018
                                                F(2, 1000)        =     195.85
                                                Prob > F          =     0.0000
                                                R-squared         =     0.2480
                                                Root MSE          =     8.3272

                           (Std. err. adjusted for 1,001 clusters in schlcode)
------------------------------------------------------------------------------
             |               Robust
     avgmath | Coefficient  std. err.      t    P>|t|     [95% conf. interval]
-------------+----------------------------------------------------------------
    classize |   .0758252   .0357642     2.12   0.034     .0056438    .1460066
     tipuach |  -.3395271    .018225   -18.63   0.000    -.3752907   -.3037635
       _cons |   69.81244   1.173558    59.49   0.000     67.50952    72.11536
------------------------------------------------------------------------------

Linear regression                               Number of obs     =      2,018
                                                F(3, 1000)        =     133.54
                                                Prob > F          =     0.0000
                                                R-squared         =     0.2509
                                                Root MSE          =     8.3135

                           (Std. err. adjusted for 1,001 clusters in schlcode)
------------------------------------------------------------------------------
             |               Robust
     avgmath | Coefficient  std. err.      t    P>|t|     [95% conf. interval]
-------------+----------------------------------------------------------------
    classize |   .0185351   .0421394     0.44   0.660    -.0641568    .1012269
     tipuach |  -.3316712   .0186739   -17.76   0.000    -.3683157   -.2950268
      c_size |   .0171215   .0075319     2.27   0.023     .0023412    .0319017
       _cons |   70.08537   1.169321    59.94   0.000     67.79077    72.37998
------------------------------------------------------------------------------

    Variable |        Obs        Mean    Std. dev.       Min        Max
-------------+---------------------------------------------------------
     avgverb |      2,049    72.48938    7.991311      24.29       94.9
     avgmath |      2,049    68.86368     8.76763      21.41   94.09091

Linear regression                               Number of obs     =      2,049
                                                F(1, 1012)        =      16.57
                                                Prob > F          =     0.0001
                                                R-squared         =     0.0125
                                                Root MSE          =      7.943

                           (Std. err. adjusted for 1,013 clusters in schlcode)
------------------------------------------------------------------------------
             |               Robust
     avgverb | Coefficient  std. err.      t    P>|t|     [95% conf. interval]
-------------+----------------------------------------------------------------
    classize |   .1414599   .0347496     4.07   0.000     .0732703    .2096495
       _cons |   68.20637   1.111002    61.39   0.000     66.02624     70.3865
------------------------------------------------------------------------------

Linear regression                               Number of obs     =      2,049
                                                F(2, 1012)        =     244.73
                                                Prob > F          =     0.0000
                                                R-squared         =     0.3092
                                                Root MSE          =     6.6451

                           (Std. err. adjusted for 1,013 clusters in schlcode)
------------------------------------------------------------------------------
             |               Robust
     avgverb | Coefficient  std. err.      t    P>|t|     [95% conf. interval]
-------------+----------------------------------------------------------------
    classize |  -.0529833   .0276354    -1.92   0.055    -.1072126     .001246
     tipuach |  -.3388082   .0154558   -21.92   0.000    -.3691373   -.3084792
       _cons |    78.7805   .9251684    85.15   0.000     76.96503    80.59597
------------------------------------------------------------------------------

Linear regression                               Number of obs     =      2,049
                                                F(3, 1012)        =     163.32
                                                Prob > F          =     0.0000
                                                R-squared         =     0.3094
                                                Root MSE          =     6.6457

                           (Std. err. adjusted for 1,013 clusters in schlcode)
------------------------------------------------------------------------------
             |               Robust
     avgverb | Coefficient  std. err.      t    P>|t|     [95% conf. interval]
-------------+----------------------------------------------------------------
    classize |  -.0404513   .0320309    -1.26   0.207    -.1033058    .0224032
     tipuach |  -.3408198   .0157748   -21.61   0.000    -.3717748   -.3098648
      c_size |  -.0039469   .0062395    -0.63   0.527    -.0161908    .0082969
       _cons |   78.73795   .9223075    85.37   0.000     76.92809     80.5478
------------------------------------------------------------------------------

Linear regression                               Number of obs     =      2,049
                                                F(1, 1012)        =      32.17
                                                Prob > F          =     0.0000
                                                R-squared         =     0.0253
                                                Root MSE          =      8.658

                           (Std. err. adjusted for 1,013 clusters in schlcode)
------------------------------------------------------------------------------
             |               Robust
     avgmath | Coefficient  std. err.      t    P>|t|     [95% conf. interval]
-------------+----------------------------------------------------------------
    classize |   .2205578   .0388856     5.67   0.000     .1442522    .2968635
       _cons |    62.1858    1.22263    50.86   0.000     59.78662    64.58498
------------------------------------------------------------------------------

Linear regression                               Number of obs     =      2,049
                                                F(2, 1012)        =     163.22
                                                Prob > F          =     0.0000
                                                R-squared         =     0.2043
                                                Root MSE          =     7.8246

                           (Std. err. adjusted for 1,013 clusters in schlcode)
------------------------------------------------------------------------------
             |               Robust
     avgmath | Coefficient  std. err.      t    P>|t|     [95% conf. interval]
-------------+----------------------------------------------------------------
    classize |    .054848    .035548     1.54   0.123    -.0149083    .1246043
     tipuach |  -.2887417   .0166924   -17.30   0.000    -.3214974    -.255986
       _cons |   71.19736   1.177203    60.48   0.000     68.88732     73.5074
------------------------------------------------------------------------------

Linear regression                               Number of obs     =      2,049
                                                F(3, 1012)        =     110.32
                                                Prob > F          =     0.0000
                                                R-squared         =     0.2068
                                                Root MSE          =     7.8146

                           (Std. err. adjusted for 1,013 clusters in schlcode)
------------------------------------------------------------------------------
             |               Robust
     avgmath | Coefficient  std. err.      t    P>|t|     [95% conf. interval]
-------------+----------------------------------------------------------------
    classize |   .0091049   .0396133     0.23   0.818    -.0686287    .0868385
     tipuach |  -.2813993    .017091   -16.46   0.000     -.314937   -.2478615
      c_size |   .0144067   .0071964     2.00   0.046     .0002851    .0285283
       _cons |   71.35269   1.170054    60.98   0.000     69.05668     73.6487
------------------------------------------------------------------------------

. 
. 
. /*=========================================================================*/
. *---2. Export and checks (Angrist, Table II, p 551)---*
. /*=========================================================================*/
. 
. esttab t2_g5_avgverb_s1 t2_g5_avgverb_s2 t2_g5_avgverb_s3 ///   // columns in the paper's order (p 551; code: W2 lab Q12 esttab using)
>        t2_g5_avgmath_s1 t2_g5_avgmath_s2 t2_g5_avgmath_s3 ///
>        t2_g4_avgverb_s1 t2_g4_avgverb_s2 t2_g4_avgverb_s3 ///
>        t2_g4_avgmath_s1 t2_g4_avgmath_s2 t2_g4_avgmath_s3 ///
>     using "$root/output/table2.tex", replace booktabs ///
>     b(%7.3f) se(%7.3f) keep(classize tipuach c_size) ///   // three decimals as printed (code: W2 lab Q12 b() se(), W4 lab Q1 keep())
>     coeflabels(classize "Class size" tipuach "Percent disadvantaged" c_size "Enrollment") ///   // row names as printed (code: W3 lab Q6 coeflabels)
>     stats(rmse r2 N, fmt(2 3 0) labels("Root MSE" "R-squared" "N")) ///   // the table's bottom rows (p 551; code: W3 lab Q6 stats labels), rmse as an esttab stat is OUR CHANGE
>     mtitles("Reading" "Reading" "Reading" "Math" "Math" "Math" ///   // (code: W3 lab Q6 mtitles)
>             "Reading" "Reading" "Reading" "Math" "Math" "Math") ///
>     addnotes("Columns 1-6 grade 5, columns 7-12 grade 4. Standard errors clustered by school.")   // (code: W4 lab Q1 addnotes)
(output written to C:/Users/otisr/Documents/ECX5479/Final_Assignment/output/table2.tex)

. 
. *--- verification vs Angrist, Table II, p 551 (the regressions above are in the log)
. * class size row .221 -.031 -.025 .322 .076 .019 .141 -.053 -.040 .221 .055 .009, matches paper
. * N 2,019 reading and 2,018 math in grade 5, 2,049 in grade 4, matches paper
. 
. 
. /*=========================================================================*/
. *---3. Required addition: three standard errors for column (2) (what_to_replicate; Week 5 lecture)---*
. * Column (2), grade 5 reading on class size and PD, is the paper's headline OLS result. The
. * positive raw correlation of .221 turns into -.031 once PD is controlled (Angrist, p 550)
. *
. * (i) conventional OLS, (ii) clustered by school, (iii) (i) inflated by sqrt(1 + (m - 1) rho),
. * the design effect DEFF of the Week 5 lecture (section 4.2 and appendix). m is the mean number
. * of classes per school in the estimation sample, rho the intraclass correlation of the residuals
. *
. * (iii) will not equal the paper's Moulton SE, which also allows for the within-school correlation
. * of class size itself (what_to_replicate required addition; Angrist, p 547)
. /*=========================================================================*/
. 
. *--- (i) conventional OLS, the same regression without clustering
. reg avgverb classize tipuach if grade == 5   // b -.031, SE .022, the numbers quoted in the text (Angrist, p 550; code: W1 lab section 8 reg if)

      Source |       SS           df       MS      Number of obs   =     2,019
-------------+----------------------------------   F(2, 2016)      =    584.56
       Model |  43735.6271         2  21867.8135   Prob > F        =    0.0000
    Residual |  75416.0605     2,016  37.4087602   R-squared       =    0.3671
-------------+----------------------------------   Adj R-squared   =    0.3664
       Total |  119151.688     2,018  59.0444438   Root MSE        =    6.1163

------------------------------------------------------------------------------
     avgverb | Coefficient  Std. err.      t    P>|t|     [95% conf. interval]
-------------+----------------------------------------------------------------
    classize |  -.0313879   .0222023    -1.41   0.158    -.0749299     .012154
     tipuach |  -.3499026   .0107664   -32.50   0.000     -.371017   -.3287882
       _cons |   80.26034   .7442497   107.84   0.000     78.80076    81.71992
------------------------------------------------------------------------------

. local b_cs = _b[classize]                  // (code: W2 lab Q6b _b[] into a local)

. local se_i = _se[classize]                 // _se[] is the same syntax for the standard error (OUR CHANGE)

. local n_cl = e(N)                          // 2,019 classes in the estimation sample, e() holds the regression's own results (OUR CHANGE)

. 
. *--- rho: share of the residual variance that is a school component shared by its classes
. *--- rho = sigma_u^2 / (sigma_u^2 + sigma_e^2), Week 5 lecture appendix, deriving the design effect
. predict resid if e(sample), residuals      // residuals of (i), estimation sample only (residuals option and e(sample) are OUR CHANGE; code: W4 lab Q6b predict)
(2,049 missing values generated)

. loneway resid schlcode                     // one-way ANOVA of the residuals across schools, r(rho) is the ratio above (OUR CHANGE, built-in Stata), rho .535

               One-way analysis of variance for resid: Residuals

                                             Number of obs =        2,019
                                                 R-squared =       0.7658

    Source                SS         df      MS            F     Prob > F
-------------------------------------------------------------------------
Between schlcode       57750.225  1,001    57.692533      3.32     0.0000
Within schlcode        17665.835  1,017    17.370536
-------------------------------------------------------------------------
Total                  75416.061  2,018    37.371685

         Intraclass       Asy.        
         correlation      S.E.       [95% conf. interval]
         ------------------------------------------------
            0.53537     0.02291       0.49046     0.58027

         Estimated SD of schlcode effect         4.473802
         Estimated SD within schlcode            4.167798
         Est. reliability of a schlcode mean      0.69891
              (evaluated at n=2.01)

. local rho = r(rho)                         // (code: W1 lab section 12 r() into a local)

. 
. *--- m: average number of classes per school in the estimation sample, the classes with a residual
. preserve                                   // (code: W4 lab Q4c)

. keep if !missing(resid)                    // the 2,019 classes of (i) (code: W1 lab section 5 keep if)
(2,049 observations deleted)

. collapse (count) n_classes=classize, by(schlcode)   // one row per school with its number of classes (code: W4 lab Q4c collapse count)

. summarize n_classes                        // 1,002 schools, matches paper (Angrist, Table I, p 539), mean 2.015 is m

    Variable |        Obs        Mean    Std. dev.       Min        Max
-------------+---------------------------------------------------------
   n_classes |      1,002     2.01497    .8660401          1          6

. local m = r(mean)                          // (code: W1 lab section 12)

. restore                                    // (code: W4 lab Q4c)

. 
. *--- (iii) the design effect applied to (i)
. local deff   = 1 + (`m' - 1) * `rho'       // DEFF = 1 + (m - 1) rho (Week 5 lecture appendix), 1.543

. local se_iii = `se_i' * sqrt(`deff')       // sqrt(DEFF) 1.242, sqrt() is a Stata function (OUR CHANGE)

. 
. *--- (ii) clustered by school, the Table II column itself
. reg avgverb classize tipuach if grade == 5, vce(cluster schlcode)   // SE .026, the same to three decimals as the paper's Moulton SE (Table II, p 551; code: W5 lab Q2)

Linear regression                               Number of obs     =      2,019
                                                F(2, 1001)        =     305.47
                                                Prob > F          =     0.0000
                                                R-squared         =     0.3671
                                                Root MSE          =     6.1163

                           (Std. err. adjusted for 1,002 clusters in schlcode)
------------------------------------------------------------------------------
             |               Robust
     avgverb | Coefficient  std. err.      t    P>|t|     [95% conf. interval]
-------------+----------------------------------------------------------------
    classize |  -.0313879    .026177    -1.20   0.231     -.082756    .0199802
     tipuach |  -.3499026   .0143569   -24.37   0.000    -.3780756   -.3217296
       _cons |   80.26034   .8593444    93.40   0.000     78.57402    81.94667
------------------------------------------------------------------------------

. local se_ii = _se[classize]

. 
. *--- verification: b -.031 with (i) .0222 matches the text (Angrist, p 550), (ii) .0262, (iii) .0276, m 2.015, rho .535, sqrt(DEFF) 1.242
. display _n "Table II column (2), class size coefficient: " %7.3f `b_cs'   // (code: W2 lab Q6b display %7.3f, W2 lab Q2 display _n)

Table II column (2), class size coefficient:  -0.031

. display "(i)   conventional OLS s.e.:            " %7.4f `se_i'
(i)   conventional OLS s.e.:             0.0222

. display "(ii)  clustered by school s.e.:         " %7.4f `se_ii'
(ii)  clustered by school s.e.:          0.0262

. display "(iii) Moulton-inflated s.e.:            " %7.4f `se_iii'
(iii) Moulton-inflated s.e.:             0.0276

. display "      m = " %6.3f `m' "   rho = " %6.3f `rho' "   sqrt(DEFF) = " %6.3f sqrt(`deff')
      m =  2.015   rho =  0.535   sqrt(DEFF) =  1.242

. 
. *--- export as a small table
. local b_cs   : display %7.3f `b_cs'        // formatted for the .tex (code: W4 lab Q7)

. local se_i   : display %7.4f `se_i'

. local se_ii  : display %7.4f `se_ii'

. local se_iii : display %7.4f `se_iii'

. local m      : display %6.3f `m'

. local rho    : display %6.3f `rho'

. 
. file open t2se using "$root/output/table2_se.tex", write replace   // (code: W1 lab section 12, W4 lab Q7)

. file write t2se "\begin{tabular}{lc}" _n

. file write t2se "\toprule" _n

. file write t2se "Table II, column (2): grade 5 reading on class size and percent disadvantaged & \\" _n

. file write t2se "\midrule" _n

. file write t2se "Class size coefficient & `=trim("`b_cs'")' \\" _n   // trim() drops the padding of the display format (code: W4 lab Q8)

. file write t2se "(i) conventional OLS standard error & `=trim("`se_i'")' \\" _n

. file write t2se "(ii) standard error clustered by school & `=trim("`se_ii'")' \\" _n

. file write t2se "(iii) Moulton-inflated: (i) x sqrt(1 + (m - 1) rho) & `=trim("`se_iii'")' \\" _n

. file write t2se "\midrule" _n

. file write t2se "m, average classes per school & `=trim("`m'")' \\" _n

. file write t2se "rho, intraclass correlation of residuals & `=trim("`rho'")' \\" _n

. file write t2se "N & `n_cl' \\" _n

. file write t2se "\bottomrule" _n

. file write t2se "\end{tabular}" _n

. file close t2se                            // (code: W1 lab section 12)

. 
. 
. /*=========================================================================*/
. *---Close---*
. /*=========================================================================*/
. log close                               // close log
      name:  <unnamed>
       log:  C:/Users/otisr/Documents/ECX5479/Final_Assignment/output/5_table2.log
  log type:  text
 closed on:   8 Sep 2026, 14:41:31
----------------------------------------------------------------------------------------------------------------------------------------------------------------------------------------------------------
