----------------------------------------------------------------------------------------------------------------------------------------------------------------------------------------------------------
      name:  <unnamed>
       log:  C:/Users/otisr/Documents/ECX5479/Final_Assignment/output/6_table3.log
  log type:  text
 opened on:   8 Sep 2026, 14:41:31

. use "$root/output/al_clean.dta", clear

. 
. 
. /*=========================================================================*/
. *---1. Sample marker and specifications (Angrist, Table III, p 553)---*
. * full is 1 for every class, so the two panels run through one loop over `smp' == 1 with
. * disc5 as the second marker (1_clean.do section 5). Spec locals give the two columns
. /*=========================================================================*/
. 
. gen full = 1                            // full-sample marker, looping over sample names is OUR CHANGE (code: W1 lab section 8 generate)

. local spec1 fsc tipuach                 // column (1), fsc and PD (p 553; code: W1 lab section 11 locals)

. local spec2 fsc tipuach c_size          // column (2) adds September enrollment (dictionary row 3)

. 
. 
. /*=========================================================================*/
. *---2. The regressions, two panels (Angrist, Table III, p 553)---*
. * Panel A is the full sample, panel B keeps disc5 == 1. reg drops the one grade 5 class
. * without a math score, so math N is 2,018 (p 553; 1_clean.do section 2)
. /*=========================================================================*/
. 
. foreach smp in full disc5 {                         // panel A then panel B (code: W1 lab section 13 foreach)
  2.     foreach g in 5 4 {                              // grade 5 first, as in the paper
  3.         summarize classize avgverb avgmath if grade == `g' & `smp' == 1   // means rows, 29.9 74.4 67.3 and 30.3 72.5 68.9 full sample, 30.8 74.5 67.0 and 31.1 72.5 68.7 +/-5 sample, matches paper 
> (p 553)
  4.         foreach y in classize avgverb avgmath {     // class size, reading, math
  5.             forvalues s = 1/2 {                     // (code: W1 lab section 13 forvalues)
  6.                 reg `y' `spec`s'' if grade == `g' & `smp' == 1, vce(cluster schlcode)   // clustered by school, nested `spec`s'' is OUR CHANGE (code: W5 lab Q2 vce(cluster))
  7.                 estimates store t3_`smp'_g`g'_`y'_s`s'   // one name per panel and column (code: W5 lab Q2)
  8.             }
  9.         }
 10.     }
 11. }

    Variable |        Obs        Mean    Std. dev.       Min        Max
-------------+---------------------------------------------------------
    classize |      2,019    29.93512    6.545885          8         44
     avgverb |      2,019    74.38641    7.684038       34.8      93.86
     avgmath |      2,018    67.29267    9.598066      27.69      93.93

Linear regression                               Number of obs     =      2,019
                                                F(2, 1001)        =     695.71
                                                Prob > F          =     0.0000
                                                R-squared         =     0.5162
                                                Root MSE          =     4.5551

                           (Std. err. adjusted for 1,002 clusters in schlcode)
------------------------------------------------------------------------------
             |               Robust
    classize | Coefficient  std. err.      t    P>|t|     [95% conf. interval]
-------------+----------------------------------------------------------------
         fsc |   .7035341   .0252786    27.83   0.000      .653929    .7531393
     tipuach |  -.0762763   .0107274    -7.11   0.000     -.097327   -.0552256
       _cons |   9.232209   .8236878    11.21   0.000     7.615857    10.84856
------------------------------------------------------------------------------

Linear regression                               Number of obs     =      2,019
                                                F(3, 1001)        =     595.52
                                                Prob > F          =     0.0000
                                                R-squared         =     0.5529
                                                Root MSE          =     4.3803

                           (Std. err. adjusted for 1,002 clusters in schlcode)
------------------------------------------------------------------------------
             |               Robust
    classize | Coefficient  std. err.      t    P>|t|     [95% conf. interval]
-------------+----------------------------------------------------------------
         fsc |   .5415382    .036688    14.76   0.000      .469544    .6135324
     tipuach |  -.0533656   .0095803    -5.57   0.000    -.0721654   -.0345658
      c_size |   .0432974   .0055032     7.87   0.000     .0324984    .0540965
       _cons |   10.55783   .8499228    12.42   0.000     8.889996    12.22567
------------------------------------------------------------------------------

Linear regression                               Number of obs     =      2,019
                                                F(2, 1001)        =     310.95
                                                Prob > F          =     0.0000
                                                R-squared         =     0.3736
                                                Root MSE          =     6.0845

                           (Std. err. adjusted for 1,002 clusters in schlcode)
------------------------------------------------------------------------------
             |               Robust
     avgverb | Coefficient  std. err.      t    P>|t|     [95% conf. interval]
-------------+----------------------------------------------------------------
         fsc |  -.1114944   .0286424    -3.89   0.000    -.1677006   -.0552883
     tipuach |  -.3593718   .0144804   -24.82   0.000    -.3877872   -.3309565
       _cons |   82.90569   .9462069    87.62   0.000     81.04892    84.76247
------------------------------------------------------------------------------

Linear regression                               Number of obs     =      2,019
                                                F(3, 1001)        =     209.24
                                                Prob > F          =     0.0000
                                                R-squared         =     0.3751
                                                Root MSE          =     6.0787

                           (Std. err. adjusted for 1,002 clusters in schlcode)
------------------------------------------------------------------------------
             |               Robust
     avgverb | Coefficient  std. err.      t    P>|t|     [95% conf. interval]
-------------+----------------------------------------------------------------
         fsc |  -.1500168   .0388826    -3.86   0.000    -.2263176   -.0737159
     tipuach |  -.3539237   .0146314   -24.19   0.000    -.3826356   -.3252119
      c_size |   .0102961   .0063414     1.62   0.105    -.0021479      .02274
       _cons |   83.22092   .9854219    84.45   0.000     81.28719    85.15465
------------------------------------------------------------------------------

Linear regression                               Number of obs     =      2,018
                                                F(2, 1000)        =     196.16
                                                Prob > F          =     0.0000
                                                R-squared         =     0.2457
                                                Root MSE          =     8.3399

                           (Std. err. adjusted for 1,001 clusters in schlcode)
------------------------------------------------------------------------------
             |               Robust
     avgmath | Coefficient  std. err.      t    P>|t|     [95% conf. interval]
-------------+----------------------------------------------------------------
         fsc |  -.0091683   .0405189    -0.23   0.821    -.0886801    .0703435
     tipuach |  -.3536446   .0182934   -19.33   0.000    -.3895425   -.3177467
       _cons |   72.56577   1.321916    54.89   0.000     69.97172    75.15981
------------------------------------------------------------------------------

Linear regression                               Number of obs     =      2,018
                                                F(3, 1000)        =     138.82
                                                Prob > F          =     0.0000
                                                R-squared         =     0.2545
                                                Root MSE          =     8.2935

                           (Std. err. adjusted for 1,001 clusters in schlcode)
------------------------------------------------------------------------------
             |               Robust
     avgmath | Coefficient  std. err.      t    P>|t|     [95% conf. interval]
-------------+----------------------------------------------------------------
         fsc |  -.1250564    .051455    -2.43   0.015    -.2260287   -.0240842
     tipuach |  -.3372049   .0186335   -18.10   0.000    -.3737702   -.3006396
      c_size |   .0310051   .0081947     3.78   0.000     .0149243    .0470859
       _cons |   73.51069   1.344754    54.66   0.000     70.87182    76.14955
------------------------------------------------------------------------------

    Variable |        Obs        Mean    Std. dev.       Min        Max
-------------+---------------------------------------------------------
    classize |      2,049    30.27721    6.326661          7         44
     avgverb |      2,049    72.48938    7.991311      24.29       94.9
     avgmath |      2,049    68.86368     8.76763      21.41   94.09091

Linear regression                               Number of obs     =      2,049
                                                F(2, 1012)        =     849.24
                                                Prob > F          =     0.0000
                                                R-squared         =     0.5607
                                                Root MSE          =     4.1954

                           (Std. err. adjusted for 1,013 clusters in schlcode)
------------------------------------------------------------------------------
             |               Robust
    classize | Coefficient  std. err.      t    P>|t|     [95% conf. interval]
-------------+----------------------------------------------------------------
         fsc |   .7716533   .0225059    34.29   0.000     .7274898    .8158168
     tipuach |  -.0538978   .0093968    -5.74   0.000    -.0723372   -.0354584
       _cons |   7.035462   .7146419     9.84   0.000     5.633112    8.437811
------------------------------------------------------------------------------

Linear regression                               Number of obs     =      2,049
                                                F(3, 1012)        =     635.37
                                                Prob > F          =     0.0000
                                                R-squared         =     0.5747
                                                Root MSE          =      4.129

                           (Std. err. adjusted for 1,013 clusters in schlcode)
------------------------------------------------------------------------------
             |               Robust
    classize | Coefficient  std. err.      t    P>|t|     [95% conf. interval]
-------------+----------------------------------------------------------------
         fsc |   .6698915   .0328626    20.38   0.000     .6054048    .7343781
     tipuach |  -.0393508   .0091991    -4.28   0.000    -.0574022   -.0212994
      c_size |   .0265934    .005273     5.04   0.000     .0162462    .0369406
       _cons |   7.915241   .7572896    10.45   0.000     6.429203    9.401278
------------------------------------------------------------------------------

Linear regression                               Number of obs     =      2,049
                                                F(2, 1012)        =     247.35
                                                Prob > F          =     0.0000
                                                R-squared         =     0.3113
                                                Root MSE          =     6.6352

                           (Std. err. adjusted for 1,013 clusters in schlcode)
------------------------------------------------------------------------------
             |               Robust
     avgverb | Coefficient  std. err.      t    P>|t|     [95% conf. interval]
-------------+----------------------------------------------------------------
         fsc |  -.0849048   .0310929    -2.73   0.006    -.1459187   -.0238909
     tipuach |  -.3402306   .0153189   -22.21   0.000    -.3702911   -.3101701
       _cons |   79.83531    1.02453    77.92   0.000     77.82486    81.84576
------------------------------------------------------------------------------

Linear regression                               Number of obs     =      2,049
                                                F(3, 1012)        =     164.87
                                                Prob > F          =     0.0000
                                                R-squared         =     0.3113
                                                Root MSE          =     6.6368

                           (Std. err. adjusted for 1,013 clusters in schlcode)
------------------------------------------------------------------------------
             |               Robust
     avgverb | Coefficient  std. err.      t    P>|t|     [95% conf. interval]
-------------+----------------------------------------------------------------
         fsc |   -.089008   .0401926    -2.21   0.027    -.1678783   -.0101377
     tipuach |   -.339644   .0157273   -21.60   0.000    -.3705058   -.3087822
      c_size |   .0010723   .0068037     0.16   0.875    -.0122787    .0144233
       _cons |   79.87079   1.049626    76.09   0.000     77.81109    81.93048
------------------------------------------------------------------------------

Linear regression                               Number of obs     =      2,049
                                                F(2, 1012)        =     162.73
                                                Prob > F          =     0.0000
                                                R-squared         =     0.2035
                                                Root MSE          =     7.8288

                           (Std. err. adjusted for 1,013 clusters in schlcode)
------------------------------------------------------------------------------
             |               Robust
     avgmath | Coefficient  std. err.      t    P>|t|     [95% conf. interval]
-------------+----------------------------------------------------------------
         fsc |   .0376034   .0402273     0.93   0.350    -.0413351    .1165419
     tipuach |  -.2921566   .0168095   -17.38   0.000    -.3251421   -.2591711
       _cons |   71.73632   1.334617    53.75   0.000     69.11739    74.35525
------------------------------------------------------------------------------

Linear regression                               Number of obs     =      2,049
                                                F(3, 1012)        =     110.34
                                                Prob > F          =     0.0000
                                                R-squared         =     0.2070
                                                Root MSE          =     7.8133

                           (Std. err. adjusted for 1,013 clusters in schlcode)
------------------------------------------------------------------------------
             |               Robust
     avgmath | Coefficient  std. err.      t    P>|t|     [95% conf. interval]
-------------+----------------------------------------------------------------
         fsc |  -.0332903   .0499037    -0.67   0.505    -.1312168    .0646361
     tipuach |  -.2820222   .0170737   -16.52   0.000    -.3155262   -.2485182
      c_size |   .0185266   .0079233     2.34   0.020     .0029787    .0340746
       _cons |   72.34923   1.358478    53.26   0.000     69.68347    75.01499
------------------------------------------------------------------------------

    Variable |        Obs        Mean    Std. dev.       Min        Max
-------------+---------------------------------------------------------
    classize |        471    30.81953    7.418158         14         44
     avgverb |        471    74.49138    8.180908       34.8      93.81
     avgmath |        471    67.03169    10.20302      27.69      92.69

Linear regression                               Number of obs     =        471
                                                F(2, 223)         =      93.32
                                                Prob > F          =     0.0000
                                                R-squared         =     0.3599
                                                Root MSE          =     5.9478

                             (Std. err. adjusted for 224 clusters in schlcode)
------------------------------------------------------------------------------
             |               Robust
    classize | Coefficient  std. err.      t    P>|t|     [95% conf. interval]
-------------+----------------------------------------------------------------
         fsc |   .4812229   .0568755     8.46   0.000     .3691406    .5933052
     tipuach |  -.1300666   .0328068    -3.96   0.000    -.1947176   -.0654155
       _cons |   17.13901    2.06353     8.31   0.000      13.0725    21.20553
------------------------------------------------------------------------------

Linear regression                               Number of obs     =        471
                                                F(3, 223)         =      86.58
                                                Prob > F          =     0.0000
                                                R-squared         =     0.4372
                                                Root MSE          =     5.5829

                             (Std. err. adjusted for 224 clusters in schlcode)
------------------------------------------------------------------------------
             |               Robust
    classize | Coefficient  std. err.      t    P>|t|     [95% conf. interval]
-------------+----------------------------------------------------------------
         fsc |   .3463261   .0618681     5.60   0.000     .2244052    .4682471
     tipuach |  -.0674012    .028431    -2.37   0.019    -.1234291   -.0113733
      c_size |   .0862741   .0159487     5.41   0.000     .0548446    .1177036
       _cons |   14.02796   1.750922     8.01   0.000     10.57749    17.47843
------------------------------------------------------------------------------

Linear regression                               Number of obs     =        471
                                                F(2, 223)         =      71.12
                                                Prob > F          =     0.0000
                                                R-squared         =     0.4213
                                                Root MSE          =     6.2368

                             (Std. err. adjusted for 224 clusters in schlcode)
------------------------------------------------------------------------------
             |               Robust
     avgverb | Coefficient  std. err.      t    P>|t|     [95% conf. interval]
-------------+----------------------------------------------------------------
         fsc |  -.1973822   .0503292    -3.92   0.000     -.296564   -.0982005
     tipuach |  -.4239363   .0355449   -11.93   0.000    -.4939832   -.3538894
       _cons |   86.59013   1.770401    48.91   0.000     83.10127    90.07899
------------------------------------------------------------------------------

Linear regression                               Number of obs     =        471
                                                F(3, 223)         =      47.95
                                                Prob > F          =     0.0000
                                                R-squared         =     0.4213
                                                Root MSE          =     6.2431

                             (Std. err. adjusted for 224 clusters in schlcode)
------------------------------------------------------------------------------
             |               Robust
     avgverb | Coefficient  std. err.      t    P>|t|     [95% conf. interval]
-------------+----------------------------------------------------------------
         fsc |  -.2016893   .0596065    -3.38   0.001    -.3191535   -.0842252
     tipuach |  -.4219355   .0359557   -11.73   0.000     -.492792    -.351079
      c_size |   .0027546   .0149342     0.18   0.854    -.0266755    .0321848
       _cons |    86.4908   1.735752    49.83   0.000     83.07022    89.91137
------------------------------------------------------------------------------

Linear regression                               Number of obs     =        471
                                                F(2, 223)         =      61.24
                                                Prob > F          =     0.0000
                                                R-squared         =     0.2960
                                                Root MSE          =     8.5791

                             (Std. err. adjusted for 224 clusters in schlcode)
------------------------------------------------------------------------------
             |               Robust
     avgmath | Coefficient  std. err.      t    P>|t|     [95% conf. interval]
-------------+----------------------------------------------------------------
         fsc |  -.0892496   .0720299    -1.24   0.217     -.231196    .0526967
     tipuach |  -.4347383   .0398984   -10.90   0.000    -.5133645   -.3561121
       _cons |   75.80593   2.488256    30.47   0.000     70.90243    80.70944
------------------------------------------------------------------------------

Linear regression                               Number of obs     =        471
                                                F(3, 223)         =      42.62
                                                Prob > F          =     0.0000
                                                R-squared         =     0.3053
                                                Root MSE          =     8.5314

                             (Std. err. adjusted for 224 clusters in schlcode)
------------------------------------------------------------------------------
             |               Robust
     avgmath | Coefficient  std. err.      t    P>|t|     [95% conf. interval]
-------------+----------------------------------------------------------------
         fsc |  -.1535792   .0791445    -1.94   0.054    -.3095461    .0023876
     tipuach |  -.4048544   .0409044    -9.90   0.000    -.4854631   -.3242457
      c_size |   .0411424   .0199957     2.06   0.041     .0017378     .080547
       _cons |   74.32233   2.481394    29.95   0.000     69.43235    79.21232
------------------------------------------------------------------------------

    Variable |        Obs        Mean    Std. dev.       Min        Max
-------------+---------------------------------------------------------
    classize |        415     31.1494    7.233967         12         44
     avgverb |        415    72.46781    7.831529   46.38667       94.9
     avgmath |        415    68.67383    9.084947      37.25      92.67

Linear regression                               Number of obs     =        415
                                                F(2, 194)         =     101.23
                                                Prob > F          =     0.0000
                                                R-squared         =     0.4278
                                                Root MSE          =     5.4852

                             (Std. err. adjusted for 195 clusters in schlcode)
------------------------------------------------------------------------------
             |               Robust
    classize | Coefficient  std. err.      t    P>|t|     [95% conf. interval]
-------------+----------------------------------------------------------------
         fsc |     .62512   .0484573    12.90   0.000     .5295492    .7206908
     tipuach |  -.0682708   .0290919    -2.35   0.020    -.1256477   -.0108938
       _cons |   11.81608   1.627139     7.26   0.000     8.606925    15.02523
------------------------------------------------------------------------------

Linear regression                               Number of obs     =        415
                                                F(3, 194)         =      91.39
                                                Prob > F          =     0.0000
                                                R-squared         =     0.4750
                                                Root MSE          =     5.2606

                             (Std. err. adjusted for 195 clusters in schlcode)
------------------------------------------------------------------------------
             |               Robust
    classize | Coefficient  std. err.      t    P>|t|     [95% conf. interval]
-------------+----------------------------------------------------------------
         fsc |   .5026692   .0611533     8.22   0.000     .3820586    .6232798
     tipuach |  -.0286642   .0268589    -1.07   0.287    -.0816372    .0243087
      c_size |   .0631435   .0158403     3.99   0.000     .0319023    .0943848
       _cons |     10.306   1.401677     7.35   0.000     7.541513    13.07048
------------------------------------------------------------------------------

Linear regression                               Number of obs     =        415
                                                F(2, 194)         =      48.65
                                                Prob > F          =     0.0000
                                                R-squared         =     0.2988
                                                Root MSE          =     6.5741

                             (Std. err. adjusted for 195 clusters in schlcode)
------------------------------------------------------------------------------
             |               Robust
     avgverb | Coefficient  std. err.      t    P>|t|     [95% conf. interval]
-------------+----------------------------------------------------------------
         fsc |  -.0612333   .0590744    -1.04   0.301    -.1777439    .0552773
     tipuach |  -.3477975   .0354208    -9.82   0.000    -.4176567   -.2779383
       _cons |   78.92121   1.998096    39.50   0.000     74.98043    82.86199
------------------------------------------------------------------------------

Linear regression                               Number of obs     =        415
                                                F(3, 194)         =      33.58
                                                Prob > F          =     0.0000
                                                R-squared         =     0.2993
                                                Root MSE          =     6.5795

                             (Std. err. adjusted for 195 clusters in schlcode)
------------------------------------------------------------------------------
             |               Robust
     avgverb | Coefficient  std. err.      t    P>|t|     [95% conf. interval]
-------------+----------------------------------------------------------------
         fsc |  -.0754592   .0638628    -1.18   0.239    -.2014138    .0504953
     tipuach |  -.3431961   .0382435    -8.97   0.000    -.4186226   -.2677697
      c_size |   .0073358   .0164049     0.45   0.655     -.025019    .0396907
       _cons |   78.74577   2.082182    37.82   0.000     74.63915    82.85239
------------------------------------------------------------------------------

Linear regression                               Number of obs     =        415
                                                F(2, 194)         =      32.06
                                                Prob > F          =     0.0000
                                                R-squared         =     0.1776
                                                Root MSE          =      8.259

                             (Std. err. adjusted for 195 clusters in schlcode)
------------------------------------------------------------------------------
             |               Robust
     avgmath | Coefficient  std. err.      t    P>|t|     [95% conf. interval]
-------------+----------------------------------------------------------------
         fsc |   .0592619   .0795346     0.75   0.457    -.0976015    .2161254
     tipuach |  -.3059294   .0397326    -7.70   0.000    -.3842926   -.2275661
       _cons |   70.69282   2.833352    24.95   0.000      65.1047    76.28095
------------------------------------------------------------------------------

Linear regression                               Number of obs     =        415
                                                F(3, 194)         =      22.45
                                                Prob > F          =     0.0000
                                                R-squared         =     0.1821
                                                Root MSE          =     8.2464

                             (Std. err. adjusted for 195 clusters in schlcode)
------------------------------------------------------------------------------
             |               Robust
     avgmath | Coefficient  std. err.      t    P>|t|     [95% conf. interval]
-------------+----------------------------------------------------------------
         fsc |   .0117973   .0801842     0.15   0.883    -.1463475     .169942
     tipuach |   -.290577   .0422806    -6.87   0.000    -.3739656   -.2071884
      c_size |   .0244758   .0199772     1.23   0.222    -.0149245    .0638762
       _cons |   70.10748   2.961795    23.67   0.000     64.26603    75.94893
------------------------------------------------------------------------------

. 
. 
. /*=========================================================================*/
. *---3. Export, one table per panel, and checks (Angrist, Table III, p 553)---*
. /*=========================================================================*/
. 
. foreach smp in full disc5 {                         // (code: W1 lab section 13 foreach)
  2.     esttab t3_`smp'_g5_classize_s1 t3_`smp'_g5_classize_s2 ///   // columns in the paper's order (p 553; code: W2 lab Q12 esttab using)
>            t3_`smp'_g5_avgverb_s1  t3_`smp'_g5_avgverb_s2  ///
>            t3_`smp'_g5_avgmath_s1  t3_`smp'_g5_avgmath_s2  ///
>            t3_`smp'_g4_classize_s1 t3_`smp'_g4_classize_s2 ///
>            t3_`smp'_g4_avgverb_s1  t3_`smp'_g4_avgverb_s2  ///
>            t3_`smp'_g4_avgmath_s1  t3_`smp'_g4_avgmath_s2  ///
>         using "$root/output/table3_`smp'.tex", replace booktabs ///   // one file per panel
>         b(%7.3f) se(%7.3f) keep(fsc tipuach c_size) ///   // three decimals as printed (code: W2 lab Q12 b() se(), W4 lab Q1 keep())
>         coeflabels(fsc "fsc" tipuach "Percent disadvantaged" c_size "Enrollment") ///   // row names as printed (code: W3 lab Q6 coeflabels)
>         stats(rmse r2 N, fmt(2 3 0) labels("Root MSE" "R-squared" "N")) ///   // the table's bottom rows (p 553; code: W3 lab Q6 stats labels), rmse as an esttab stat is OUR CHANGE
>         mtitles("Class size" "Class size" "Reading" "Reading" "Math" "Math" ///   // (code: W3 lab Q6 mtitles)
>                 "Class size" "Class size" "Reading" "Reading" "Math" "Math") ///
>         addnotes("Columns 1-6 grade 5, columns 7-12 grade 4. Standard errors clustered by school." ///   // (code: W4 lab Q1 addnotes)
>                  "fsc = enrollment / [int((enrollment - 1)/40) + 1].")   // the table's own note (p 553)
  3. }
(output written to C:/Users/otisr/Documents/ECX5479/Final_Assignment/output/table3_full.tex)
(output written to C:/Users/otisr/Documents/ECX5479/Final_Assignment/output/table3_disc5.tex)

. 
. *--- verification vs Angrist, Table III, p 553 (the regressions above are in the log)
. * fsc on class size, full sample .704 .542 grade 5 and .772 .670 grade 4, +/-5 sample .481 .346 and .625 .503, matches paper
. * reading and math columns match to three decimals except two grade 5 full-sample cells off by .001 (-.150 here, paper -.149, and -.125 here, paper -.124)
. * N 2,019 2,019 2,018 grade 5 and 2,049 grade 4 in panel A, 471 and 415 in panel B, matches paper
. 
. 
. /*=========================================================================*/
. *---Close---*
. /*=========================================================================*/
. log close                               // close log
      name:  <unnamed>
       log:  C:/Users/otisr/Documents/ECX5479/Final_Assignment/output/6_table3.log
  log type:  text
 closed on:   8 Sep 2026, 14:41:32
----------------------------------------------------------------------------------------------------------------------------------------------------------------------------------------------------------
